// Jest Snapshot v1, https://goo.gl/fbAQLP

exports[`basic options with empty options returns midnight of the current day and refreshes at midnight 1`] = `"2022-07-07T07:00:00.000Z"`;

exports[`basic options with empty options returns midnight of the current day and refreshes at midnight 2`] = `"2022-07-08T07:00:00.000Z"`;

exports[`basic options with no options returns midnight of the current day and refreshes at midnight 1`] = `"2022-07-07T07:00:00.000Z"`;

exports[`basic options with no options returns midnight of the current day and refreshes at midnight 2`] = `"2022-07-08T07:00:00.000Z"`;

exports[`basic options with returnCurrentTime returns current time and refreshes at midnight 1`] = `"2022-07-08T05:15:30.561Z"`;

exports[`basic options with returnCurrentTime returns current time and refreshes at midnight 2`] = `"2022-07-08T07:00:00.000Z"`;

exports[`basic options with utc returns midnight of current UTC day and refreshes at midnight 1`] = `"2022-07-08T00:00:00.000Z"`;

exports[`basic options with utc returns midnight of current UTC day and refreshes at midnight 2`] = `"2022-07-09T00:00:00.000Z"`;
